// Jest Snapshot v1, https://goo.gl/fbAQLP

exports[`Map When Map is mounted renders correctly 1`] = `
<div
  className="sc-AxjAm jykgfV"
>
  <div />
</div>
`;
